Component: ARM Compiler 5.05 (build 41) Tool: armlink [4d0eb9]

==============================================================================

Section Cross References

    startup_stm32f10x_hd.o(RESET) refers to startup_stm32f10x_hd.o(.text) for Reset_Handler
    startup_stm32f10x_hd.o(RESET) refers to wdg.o(.text) for WWDG_IRQHandler
    startup_stm32f10x_hd.o(RESET) refers to rtc.o(.text) for RTC_IRQHandler
    startup_stm32f10x_hd.o(RESET) refers to wkup.o(.text) for EXTI0_IRQHandler
    startup_stm32f10x_hd.o(RESET) refers to exti.o(.text) for EXTI2_IRQHandler
    startup_stm32f10x_hd.o(RESET) refers to usmart.o(.text) for TIM2_IRQHandler
    startup_stm32f10x_hd.o(RESET) refers to timer.o(.text) for TIM3_IRQHandler
    startup_stm32f10x_hd.o(RESET) refers to usart.o(.text) for USART1_IRQHandler
    startup_stm32f10x_hd.o(.text) refers to startup_stm32f10x_hd.o(STACK) for __initial_sp
    startup_stm32f10x_hd.o(.text) refers to entry.o(.ARM.Collect$$$$00000000) for __main
    test.o(.text) refers to sys.o(.text) for Stm32_Clock_Init
    test.o(.text) refers to usart.o(.text) for uart_init
    test.o(.text) refers to delay.o(.text) for delay_init
    test.o(.text) refers to led.o(.text) for LED_Init
    test.o(.text) refers to ili93xx.o(.text) for LCD_Init
    test.o(.text) refers to adc.o(.text) for MYDMA_Config
    test.o(.text) refers to ffltui.o(.text) for __aeabi_ui2f
    test.o(.text) refers to f2d.o(.text) for __aeabi_f2d
    test.o(.text) refers to dmul.o(.text) for __aeabi_dmul
    test.o(.text) refers to d2f.o(.text) for __aeabi_d2f
    test.o(.text) refers to printf8.o(i.__0printf$8) for __2printf
    test.o(.text) refers to ffixui.o(.text) for __aeabi_f2uiz
    test.o(.text) refers to fadd.o(.text) for __aeabi_frsub
    test.o(.text) refers to fmul.o(.text) for __aeabi_fmul
    test.o(.text) refers to usmart_config.o(.data) for usmart_dev
    test.o(.text) refers to ili93xx.o(.data) for POINT_COLOR
    delay.o(.text) refers to delay.o(.data) for fac_us
    sys.o(.text) refers to sys.o(.emb_text) for WFI_SET
    usart.o(.text) refers to ffltui.o(.text) for __aeabi_ui2f
    usart.o(.text) refers to fdiv.o(.text) for __aeabi_fdiv
    usart.o(.text) refers to ffixui.o(.text) for __aeabi_f2uiz
    usart.o(.text) refers to fadd.o(.text) for __aeabi_frsub
    usart.o(.text) refers to fmul.o(.text) for __aeabi_fmul
    usart.o(.text) refers to sys.o(.text) for MY_NVIC_Init
    usart.o(.text) refers to usart.o(.data) for USART_RX_STA
    usart.o(.text) refers to usart.o(.bss) for USART_RX_BUF
    key.o(.text) refers to delay.o(.text) for delay_ms
    key.o(.text) refers to key.o(.data) for key_up
    exti.o(.text) refers to delay.o(.text) for delay_ms
    exti.o(.text) refers to key.o(.text) for KEY_Init
    exti.o(.text) refers to sys.o(.text) for Ex_NVIC_Config
    wdg.o(.text) refers to sys.o(.text) for MY_NVIC_Init
    wdg.o(.text) refers to wdg.o(.data) for WWDG_CNT
    timer.o(.text) refers to sys.o(.text) for MY_NVIC_Init
    timer.o(.text) refers to timer.o(.data) for TIM5CH1_CAPTURE_STA
    tpad.o(.text) refers to delay.o(.text) for delay_ms
    tpad.o(.text) refers to printf8.o(i.__0printf$8) for __2printf
    tpad.o(.text) refers to tpad.o(.data) for tpad_default_val
    oled.o(.text) refers to delay.o(.text) for delay_ms
    oled.o(.text) refers to oled.o(.bss) for OLED_GRAM
    oled.o(.text) refers to oled.o(.constdata) for oled_asc2_1206
    ili93xx.o(.text) refers to delay.o(.text) for delay_us
    ili93xx.o(.text) refers to ili93xx.o(.bss) for lcddev
    ili93xx.o(.text) refers to ili93xx.o(.data) for POINT_COLOR
    ili93xx.o(.text) refers to printf8.o(i.__0printf$8) for __2printf
    ili93xx.o(.text) refers to ili93xx.o(.constdata) for asc2_1206
    rtc.o(.text) refers to delay.o(.text) for delay_ms
    rtc.o(.text) refers to printf8.o(i.__0printf$8) for __2printf
    rtc.o(.text) refers to sys.o(.text) for MY_NVIC_Init
    rtc.o(.text) refers to rtc.o(.constdata) for table_week
    rtc.o(.text) refers to rtc.o(.data) for daycnt
    rtc.o(.text) refers to rtc.o(.bss) for calendar
    wkup.o(.text) refers to sys.o(.text) for Sys_Standby
    wkup.o(.text) refers to delay.o(.text) for delay_ms
    adc.o(.text) refers to delay.o(.text) for delay_ms
    adc.o(.text) refers to adc.o(.data) for DMA1_MEM_LEN
    usmart.o(.text) refers to usmart_str.o(.text) for usmart_get_cmdname
    usmart.o(.text) refers to printf8.o(i.__0printf$8) for __2printf
    usmart.o(.text) refers to usmart.o(.data) for sys_cmd_tab
    usmart.o(.text) refers to usmart_config.o(.data) for usmart_dev
    usmart.o(.text) refers to sys.o(.text) for MY_NVIC_Init
    usmart.o(.text) refers to usart.o(.data) for USART_RX_STA
    usmart.o(.text) refers to usart.o(.bss) for USART_RX_BUF
    usmart.o(.data) refers to usmart.o(.conststring) for .conststring
    usmart_config.o(.data) refers to usmart.o(.text) for read_addr
    usmart_config.o(.data) refers to usmart_config.o(.conststring) for .conststring
    usmart_config.o(.data) refers to delay.o(.text) for delay_ms
    usmart_config.o(.data) refers to rtc.o(.text) for RTC_Set
    usmart_str.o(.text) refers to usmart_config.o(.data) for usmart_dev
    entry.o(.ARM.Collect$$$$00000000) refers (Special) to entry10a.o(.ARM.Collect$$$$0000000D) for __rt_final_cpp
    entry.o(.ARM.Collect$$$$00000000) refers (Special) to entry11a.o(.ARM.Collect$$$$0000000F) for __rt_final_exit
    entry.o(.ARM.Collect$$$$00000000) refers (Special) to entry7b.o(.ARM.Collect$$$$00000008) for _main_clock
    entry.o(.ARM.Collect$$$$00000000) refers (Special) to entry8b.o(.ARM.Collect$$$$0000000A) for _main_cpp_init
    entry.o(.ARM.Collect$$$$00000000) refers (Special) to entry9a.o(.ARM.Collect$$$$0000000B) for _main_init
    entry.o(.ARM.Collect$$$$00000000) refers (Special) to entry5.o(.ARM.Collect$$$$00000004) for _main_scatterload
    entry.o(.ARM.Collect$$$$00000000) refers (Special) to entry2.o(.ARM.Collect$$$$00000001) for _main_stk
    printfb.o(i.__0fprintf$bare) refers to printfb.o(i._printf_core) for _printf_core
    printfb.o(i.__0fprintf$bare) refers to usart.o(.text) for fputc
    printfb.o(i.__0printf$bare) refers to printfb.o(i._printf_core) for _printf_core
    printfb.o(i.__0printf$bare) refers to usart.o(.text) for fputc
    printfb.o(i.__0printf$bare) refers to usart.o(.data) for __stdout
    printfb.o(i.__0snprintf$bare) refers to printfb.o(i._printf_core) for _printf_core
    printfb.o(i.__0snprintf$bare) refers to printfb.o(i._snputc) for _snputc
    printfb.o(i.__0sprintf$bare) refers to printfb.o(i._printf_core) for _printf_core
    printfb.o(i.__0sprintf$bare) refers to printfb.o(i._sputc) for _sputc
    printfb.o(i.__0vfprintf$bare) refers to printfb.o(i._printf_core) for _printf_core
    printfb.o(i.__0vfprintf$bare) refers to usart.o(.text) for fputc
    printfb.o(i.__0vprintf$bare) refers to printfb.o(i._printf_core) for _printf_core
    printfb.o(i.__0vprintf$bare) refers to usart.o(.text) for fputc
    printfb.o(i.__0vprintf$bare) refers to usart.o(.data) for __stdout
    printfb.o(i.__0vsnprintf$bare) refers to printfb.o(i._printf_core) for _printf_core
    printfb.o(i.__0vsnprintf$bare) refers to printfb.o(i._snputc) for _snputc
    printfb.o(i.__0vsprintf$bare) refers to printfb.o(i._printf_core) for _printf_core
    printfb.o(i.__0vsprintf$bare) refers to printfb.o(i._sputc) for _sputc
    printf0.o(i.__0fprintf$0) refers to printf0.o(i._printf_core) for _printf_core
    printf0.o(i.__0fprintf$0) refers to usart.o(.text) for fputc
    printf0.o(i.__0printf$0) refers to printf0.o(i._printf_core) for _printf_core
    printf0.o(i.__0printf$0) refers to usart.o(.text) for fputc
    printf0.o(i.__0printf$0) refers to usart.o(.data) for __stdout
    printf0.o(i.__0snprintf$0) refers to printf0.o(i._printf_core) for _printf_core
    printf0.o(i.__0snprintf$0) refers to printf0.o(i._snputc) for _snputc
    printf0.o(i.__0sprintf$0) refers to printf0.o(i._printf_core) for _printf_core
    printf0.o(i.__0sprintf$0) refers to printf0.o(i._sputc) for _sputc
    printf0.o(i.__0vfprintf$0) refers to printf0.o(i._printf_core) for _printf_core
    printf0.o(i.__0vfprintf$0) refers to usart.o(.text) for fputc
    printf0.o(i.__0vprintf$0) refers to printf0.o(i._printf_core) for _printf_core
    printf0.o(i.__0vprintf$0) refers to usart.o(.text) for fputc
    printf0.o(i.__0vprintf$0) refers to usart.o(.data) for __stdout
    printf0.o(i.__0vsnprintf$0) refers to printf0.o(i._printf_core) for _printf_core
    printf0.o(i.__0vsnprintf$0) refers to printf0.o(i._snputc) for _snputc
    printf0.o(i.__0vsprintf$0) refers to printf0.o(i._printf_core) for _printf_core
    printf0.o(i.__0vsprintf$0) refers to printf0.o(i._sputc) for _sputc
    printf1.o(i.__0fprintf$1) refers to printf1.o(i._printf_core) for _printf_core
    printf1.o(i.__0fprintf$1) refers to usart.o(.text) for fputc
    printf1.o(i.__0printf$1) refers to printf1.o(i._printf_core) for _printf_core
    printf1.o(i.__0printf$1) refers to usart.o(.text) for fputc
    printf1.o(i.__0printf$1) refers to usart.o(.data) for __stdout
    printf1.o(i.__0snprintf$1) refers to printf1.o(i._printf_core) for _printf_core
    printf1.o(i.__0snprintf$1) refers to printf1.o(i._snputc) for _snputc
    printf1.o(i.__0sprintf$1) refers to printf1.o(i._printf_core) for _printf_core
    printf1.o(i.__0sprintf$1) refers to printf1.o(i._sputc) for _sputc
    printf1.o(i.__0vfprintf$1) refers to printf1.o(i._printf_core) for _printf_core
    printf1.o(i.__0vfprintf$1) refers to usart.o(.text) for fputc
    printf1.o(i.__0vprintf$1) refers to printf1.o(i._printf_core) for _printf_core
    printf1.o(i.__0vprintf$1) refers to usart.o(.text) for fputc
    printf1.o(i.__0vprintf$1) refers to usart.o(.data) for __stdout
    printf1.o(i.__0vsnprintf$1) refers to printf1.o(i._printf_core) for _printf_core
    printf1.o(i.__0vsnprintf$1) refers to printf1.o(i._snputc) for _snputc
    printf1.o(i.__0vsprintf$1) refers to printf1.o(i._printf_core) for _printf_core
    printf1.o(i.__0vsprintf$1) refers to printf1.o(i._sputc) for _sputc
    printf1.o(i._printf_core) refers to uidiv.o(.text) for __aeabi_uidivmod
    printf2.o(i.__0fprintf$2) refers to printf2.o(i._printf_core) for _printf_core
    printf2.o(i.__0fprintf$2) refers to usart.o(.text) for fputc
    printf2.o(i.__0printf$2) refers to printf2.o(i._printf_core) for _printf_core
    printf2.o(i.__0printf$2) refers to usart.o(.text) for fputc
    printf2.o(i.__0printf$2) refers to usart.o(.data) for __stdout
    printf2.o(i.__0snprintf$2) refers to printf2.o(i._printf_core) for _printf_core
    printf2.o(i.__0snprintf$2) refers to printf2.o(i._snputc) for _snputc
    printf2.o(i.__0sprintf$2) refers to printf2.o(i._printf_core) for _printf_core
    printf2.o(i.__0sprintf$2) refers to printf2.o(i._sputc) for _sputc
    printf2.o(i.__0vfprintf$2) refers to printf2.o(i._printf_core) for _printf_core
    printf2.o(i.__0vfprintf$2) refers to usart.o(.text) for fputc
    printf2.o(i.__0vprintf$2) refers to printf2.o(i._printf_core) for _printf_core
    printf2.o(i.__0vprintf$2) refers to usart.o(.text) for fputc
    printf2.o(i.__0vprintf$2) refers to usart.o(.data) for __stdout
    printf2.o(i.__0vsnprintf$2) refers to printf2.o(i._printf_core) for _printf_core
    printf2.o(i.__0vsnprintf$2) refers to printf2.o(i._snputc) for _snputc
    printf2.o(i.__0vsprintf$2) refers to printf2.o(i._printf_core) for _printf_core
    printf2.o(i.__0vsprintf$2) refers to printf2.o(i._sputc) for _sputc
    printf3.o(i.__0fprintf$3) refers to printf3.o(i._printf_core) for _printf_core
    printf3.o(i.__0fprintf$3) refers to usart.o(.text) for fputc
    printf3.o(i.__0printf$3) refers to printf3.o(i._printf_core) for _printf_core
    printf3.o(i.__0printf$3) refers to usart.o(.text) for fputc
    printf3.o(i.__0printf$3) refers to usart.o(.data) for __stdout
    printf3.o(i.__0snprintf$3) refers to printf3.o(i._printf_core) for _printf_core
    printf3.o(i.__0snprintf$3) refers to printf3.o(i._snputc) for _snputc
    printf3.o(i.__0sprintf$3) refers to printf3.o(i._printf_core) for _printf_core
    printf3.o(i.__0sprintf$3) refers to printf3.o(i._sputc) for _sputc
    printf3.o(i.__0vfprintf$3) refers to printf3.o(i._printf_core) for _printf_core
    printf3.o(i.__0vfprintf$3) refers to usart.o(.text) for fputc
    printf3.o(i.__0vprintf$3) refers to printf3.o(i._printf_core) for _printf_core
    printf3.o(i.__0vprintf$3) refers to usart.o(.text) for fputc
    printf3.o(i.__0vprintf$3) refers to usart.o(.data) for __stdout
    printf3.o(i.__0vsnprintf$3) refers to printf3.o(i._printf_core) for _printf_core
    printf3.o(i.__0vsnprintf$3) refers to printf3.o(i._snputc) for _snputc
    printf3.o(i.__0vsprintf$3) refers to printf3.o(i._printf_core) for _printf_core
    printf3.o(i.__0vsprintf$3) refers to printf3.o(i._sputc) for _sputc
    printf3.o(i._printf_core) refers to uidiv.o(.text) for __aeabi_uidivmod
    printf4.o(i.__0fprintf$4) refers to printf4.o(i._printf_core) for _printf_core
    printf4.o(i.__0fprintf$4) refers to usart.o(.text) for fputc
    printf4.o(i.__0printf$4) refers to printf4.o(i._printf_core) for _printf_core
    printf4.o(i.__0printf$4) refers to usart.o(.text) for fputc
    printf4.o(i.__0printf$4) refers to usart.o(.data) for __stdout
    printf4.o(i.__0snprintf$4) refers to printf4.o(i._printf_core) for _printf_core
    printf4.o(i.__0snprintf$4) refers to printf4.o(i._snputc) for _snputc
    printf4.o(i.__0sprintf$4) refers to printf4.o(i._printf_core) for _printf_core
    printf4.o(i.__0sprintf$4) refers to printf4.o(i._sputc) for _sputc
    printf4.o(i.__0vfprintf$4) refers to printf4.o(i._printf_core) for _printf_core
    printf4.o(i.__0vfprintf$4) refers to usart.o(.text) for fputc
    printf4.o(i.__0vprintf$4) refers to printf4.o(i._printf_core) for _printf_core
    printf4.o(i.__0vprintf$4) refers to usart.o(.text) for fputc
    printf4.o(i.__0vprintf$4) refers to usart.o(.data) for __stdout
    printf4.o(i.__0vsnprintf$4) refers to printf4.o(i._printf_core) for _printf_core
    printf4.o(i.__0vsnprintf$4) refers to printf4.o(i._snputc) for _snputc
    printf4.o(i.__0vsprintf$4) refers to printf4.o(i._printf_core) for _printf_core
    printf4.o(i.__0vsprintf$4) refers to printf4.o(i._sputc) for _sputc
    printf4.o(i._printf_core) refers to uldiv.o(.text) for __aeabi_uldivmod
    printf5.o(i.__0fprintf$5) refers to printf5.o(i._printf_core) for _printf_core
    printf5.o(i.__0fprintf$5) refers to usart.o(.text) for fputc
    printf5.o(i.__0printf$5) refers to printf5.o(i._printf_core) for _printf_core
    printf5.o(i.__0printf$5) refers to usart.o(.text) for fputc
    printf5.o(i.__0printf$5) refers to usart.o(.data) for __stdout
    printf5.o(i.__0snprintf$5) refers to printf5.o(i._printf_core) for _printf_core
    printf5.o(i.__0snprintf$5) refers to printf5.o(i._snputc) for _snputc
    printf5.o(i.__0sprintf$5) refers to printf5.o(i._printf_core) for _printf_core
    printf5.o(i.__0sprintf$5) refers to printf5.o(i._sputc) for _sputc
    printf5.o(i.__0vfprintf$5) refers to printf5.o(i._printf_core) for _printf_core
    printf5.o(i.__0vfprintf$5) refers to usart.o(.text) for fputc
    printf5.o(i.__0vprintf$5) refers to printf5.o(i._printf_core) for _printf_core
    printf5.o(i.__0vprintf$5) refers to usart.o(.text) for fputc
    printf5.o(i.__0vprintf$5) refers to usart.o(.data) for __stdout
    printf5.o(i.__0vsnprintf$5) refers to printf5.o(i._printf_core) for _printf_core
    printf5.o(i.__0vsnprintf$5) refers to printf5.o(i._snputc) for _snputc
    printf5.o(i.__0vsprintf$5) refers to printf5.o(i._printf_core) for _printf_core
    printf5.o(i.__0vsprintf$5) refers to printf5.o(i._sputc) for _sputc
    printf5.o(i._printf_core) refers to uldiv.o(.text) for __aeabi_uldivmod
    printf6.o(i.__0fprintf$6) refers to printf6.o(i._printf_core) for _printf_core
    printf6.o(i.__0fprintf$6) refers to usart.o(.text) for fputc
    printf6.o(i.__0printf$6) refers to printf6.o(i._printf_core) for _printf_core
    printf6.o(i.__0printf$6) refers to usart.o(.text) for fputc
    printf6.o(i.__0printf$6) refers to usart.o(.data) for __stdout
    printf6.o(i.__0snprintf$6) refers to printf6.o(i._printf_core) for _printf_core
    printf6.o(i.__0snprintf$6) refers to printf6.o(i._snputc) for _snputc
    printf6.o(i.__0sprintf$6) refers to printf6.o(i._printf_core) for _printf_core
    printf6.o(i.__0sprintf$6) refers to printf6.o(i._sputc) for _sputc
    printf6.o(i.__0vfprintf$6) refers to printf6.o(i._printf_core) for _printf_core
    printf6.o(i.__0vfprintf$6) refers to usart.o(.text) for fputc
    printf6.o(i.__0vprintf$6) refers to printf6.o(i._printf_core) for _printf_core
    printf6.o(i.__0vprintf$6) refers to usart.o(.text) for fputc
    printf6.o(i.__0vprintf$6) refers to usart.o(.data) for __stdout
    printf6.o(i.__0vsnprintf$6) refers to printf6.o(i._printf_core) for _printf_core
    printf6.o(i.__0vsnprintf$6) refers to printf6.o(i._snputc) for _snputc
    printf6.o(i.__0vsprintf$6) refers to printf6.o(i._printf_core) for _printf_core
    printf6.o(i.__0vsprintf$6) refers to printf6.o(i._sputc) for _sputc
    printf6.o(i._printf_core) refers to printf6.o(i._printf_pre_padding) for _printf_pre_padding
    printf6.o(i._printf_core) refers to uidiv.o(.text) for __aeabi_uidivmod
    printf6.o(i._printf_core) refers to printf6.o(i._printf_post_padding) for _printf_post_padding
    printf7.o(i.__0fprintf$7) refers to printf7.o(i._printf_core) for _printf_core
    printf7.o(i.__0fprintf$7) refers to usart.o(.text) for fputc
    printf7.o(i.__0printf$7) refers to printf7.o(i._printf_core) for _printf_core
    printf7.o(i.__0printf$7) refers to usart.o(.text) for fputc
    printf7.o(i.__0printf$7) refers to usart.o(.data) for __stdout
    printf7.o(i.__0snprintf$7) refers to printf7.o(i._printf_core) for _printf_core
    printf7.o(i.__0snprintf$7) refers to printf7.o(i._snputc) for _snputc
    printf7.o(i.__0sprintf$7) refers to printf7.o(i._printf_core) for _printf_core
    printf7.o(i.__0sprintf$7) refers to printf7.o(i._sputc) for _sputc
    printf7.o(i.__0vfprintf$7) refers to printf7.o(i._printf_core) for _printf_core
    printf7.o(i.__0vfprintf$7) refers to usart.o(.text) for fputc
    printf7.o(i.__0vprintf$7) refers to printf7.o(i._printf_core) for _printf_core
    printf7.o(i.__0vprintf$7) refers to usart.o(.text) for fputc
    printf7.o(i.__0vprintf$7) refers to usart.o(.data) for __stdout
    printf7.o(i.__0vsnprintf$7) refers to printf7.o(i._printf_core) for _printf_core
    printf7.o(i.__0vsnprintf$7) refers to printf7.o(i._snputc) for _snputc
    printf7.o(i.__0vsprintf$7) refers to printf7.o(i._printf_core) for _printf_core
    printf7.o(i.__0vsprintf$7) refers to printf7.o(i._sputc) for _sputc
    printf7.o(i._printf_core) refers to printf7.o(i._printf_pre_padding) for _printf_pre_padding
    printf7.o(i._printf_core) refers to uldiv.o(.text) for __aeabi_uldivmod
    printf7.o(i._printf_core) refers to printf7.o(i._printf_post_padding) for _printf_post_padding
    printf8.o(i.__0fprintf$8) refers to printf8.o(i._printf_core) for _printf_core
    printf8.o(i.__0fprintf$8) refers to usart.o(.text) for fputc
    printf8.o(i.__0printf$8) refers to printf8.o(i._printf_core) for _printf_core
    printf8.o(i.__0printf$8) refers to usart.o(.text) for fputc
    printf8.o(i.__0printf$8) refers to usart.o(.data) for __stdout
    printf8.o(i.__0snprintf$8) refers to printf8.o(i._printf_core) for _printf_core
    printf8.o(i.__0snprintf$8) refers to printf8.o(i._snputc) for _snputc
    printf8.o(i.__0sprintf$8) refers to printf8.o(i._printf_core) for _printf_core
    printf8.o(i.__0sprintf$8) refers to printf8.o(i._sputc) for _sputc
    printf8.o(i.__0vfprintf$8) refers to printf8.o(i._printf_core) for _printf_core
    printf8.o(i.__0vfprintf$8) refers to usart.o(.text) for fputc
    printf8.o(i.__0vprintf$8) refers to printf8.o(i._printf_core) for _printf_core
    printf8.o(i.__0vprintf$8) refers to usart.o(.text) for fputc
    printf8.o(i.__0vprintf$8) refers to usart.o(.data) for __stdout
    printf8.o(i.__0vsnprintf$8) refers to printf8.o(i._printf_core) for _printf_core
    printf8.o(i.__0vsnprintf$8) refers to printf8.o(i._snputc) for _snputc
    printf8.o(i.__0vsprintf$8) refers to printf8.o(i._printf_core) for _printf_core
    printf8.o(i.__0vsprintf$8) refers to printf8.o(i._sputc) for _sputc
    printf8.o(i._printf_core) refers to printf8.o(i._printf_pre_padding) for _printf_pre_padding
    printf8.o(i._printf_core) refers to uldiv.o(.text) for __aeabi_uldivmod
    printf8.o(i._printf_core) refers to printf8.o(i._printf_post_padding) for _printf_post_padding
    printfa.o(i.__0fprintf) refers (Special) to iusefp.o(.text) for __I$use$fp
    printfa.o(i.__0fprintf) refers to printfa.o(i._printf_core) for _printf_core
    printfa.o(i.__0fprintf) refers to usart.o(.text) for fputc
    printfa.o(i.__0printf) refers (Special) to iusefp.o(.text) for __I$use$fp
    printfa.o(i.__0printf) refers to printfa.o(i._printf_core) for _printf_core
    printfa.o(i.__0printf) refers to usart.o(.text) for fputc
    printfa.o(i.__0printf) refers to usart.o(.data) for __stdout
    printfa.o(i.__0snprintf) refers (Special) to iusefp.o(.text) for __I$use$fp
    printfa.o(i.__0snprintf) refers to printfa.o(i._printf_core) for _printf_core
    printfa.o(i.__0snprintf) refers to printfa.o(i._snputc) for _snputc
    printfa.o(i.__0sprintf) refers (Special) to iusefp.o(.text) for __I$use$fp
    printfa.o(i.__0sprintf) refers to printfa.o(i._printf_core) for _printf_core
    printfa.o(i.__0sprintf) refers to printfa.o(i._sputc) for _sputc
    printfa.o(i.__0vfprintf) refers (Special) to iusefp.o(.text) for __I$use$fp
    printfa.o(i.__0vfprintf) refers to printfa.o(i._printf_core) for _printf_core
    printfa.o(i.__0vfprintf) refers to usart.o(.text) for fputc
    printfa.o(i.__0vprintf) refers (Special) to iusefp.o(.text) for __I$use$fp
    printfa.o(i.__0vprintf) refers to printfa.o(i._printf_core) for _printf_core
    printfa.o(i.__0vprintf) refers to usart.o(.text) for fputc
    printfa.o(i.__0vprintf) refers to usart.o(.data) for __stdout
    printfa.o(i.__0vsnprintf) refers (Special) to iusefp.o(.text) for __I$use$fp
    printfa.o(i.__0vsnprintf) refers to printfa.o(i._printf_core) for _printf_core
    printfa.o(i.__0vsnprintf) refers to printfa.o(i._snputc) for _snputc
    printfa.o(i.__0vsprintf) refers (Special) to iusefp.o(.text) for __I$use$fp
    printfa.o(i.__0vsprintf) refers to printfa.o(i._printf_core) for _printf_core
    printfa.o(i.__0vsprintf) refers to printfa.o(i._sputc) for _sputc
    printfa.o(i._fp_digits) refers (Special) to iusefp.o(.text) for __I$use$fp
    printfa.o(i._fp_digits) refers to dmul.o(.text) for __aeabi_dmul
    printfa.o(i._fp_digits) refers to ddiv.o(.text) for __aeabi_ddiv
    printfa.o(i._fp_digits) refers to cdrcmple.o(.text) for __aeabi_cdrcmple
    printfa.o(i._fp_digits) refers to dadd.o(.text) for __aeabi_dadd
    printfa.o(i._fp_digits) refers to dfixul.o(.text) for __aeabi_d2ulz
    printfa.o(i._fp_digits) refers to uldiv.o(.text) for __aeabi_uldivmod
    printfa.o(i._printf_core) refers (Special) to iusefp.o(.text) for __I$use$fp
    printfa.o(i._printf_core) refers to printfa.o(i._printf_pre_padding) for _printf_pre_padding
    printfa.o(i._printf_core) refers to uldiv.o(.text) for __aeabi_uldivmod
    printfa.o(i._printf_core) refers to printfa.o(i._printf_post_padding) for _printf_post_padding
    printfa.o(i._printf_core) refers to printfa.o(i._fp_digits) for _fp_digits
    printfa.o(i._printf_core) refers to uidiv.o(.text) for __aeabi_uidivmod
    printfa.o(i._printf_post_padding) refers (Special) to iusefp.o(.text) for __I$use$fp
    printfa.o(i._printf_pre_padding) refers (Special) to iusefp.o(.text) for __I$use$fp
    printfa.o(i._snputc) refers (Special) to iusefp.o(.text) for __I$use$fp
    printfa.o(i._sputc) refers (Special) to iusefp.o(.text) for __I$use$fp
    fadd.o(.text) refers (Special) to iusefp.o(.text) for __I$use$fp
    fadd.o(.text) refers to fepilogue.o(.text) for _float_epilogue
    fmul.o(.text) refers (Special) to iusefp.o(.text) for __I$use$fp
    fdiv.o(.text) refers (Special) to iusefp.o(.text) for __I$use$fp
    fdiv.o(.text) refers to fepilogue.o(.text) for _float_round
    dmul.o(.text) refers (Special) to iusefp.o(.text) for __I$use$fp
    dmul.o(.text) refers to depilogue.o(.text) for _double_epilogue
    ffltui.o(.text) refers (Special) to iusefp.o(.text) for __I$use$fp
    ffltui.o(.text) refers to fepilogue.o(.text) for _float_epilogue
    ffixui.o(.text) refers (Special) to iusefp.o(.text) for __I$use$fp
    f2d.o(.text) refers (Special) to iusefp.o(.text) for __I$use$fp
    d2f.o(.text) refers (Special) to iusefp.o(.text) for __I$use$fp
    d2f.o(.text) refers to fepilogue.o(.text) for _float_round
    entry2.o(.ARM.Collect$$$$00000001) refers to entry2.o(.ARM.Collect$$$$00002712) for __lit__00000000
    entry2.o(.ARM.Collect$$$$00002712) refers to startup_stm32f10x_hd.o(STACK) for __initial_sp
    entry2.o(__vectab_stack_and_reset_area) refers to startup_stm32f10x_hd.o(STACK) for __initial_sp
    entry2.o(__vectab_stack_and_reset_area) refers to entry.o(.ARM.Collect$$$$00000000) for __main
    entry5.o(.ARM.Collect$$$$00000004) refers to init.o(.text) for __scatterload
    entry9a.o(.ARM.Collect$$$$0000000B) refers to test.o(.text) for main
    entry9b.o(.ARM.Collect$$$$0000000C) refers to test.o(.text) for main
    uldiv.o(.text) refers to llushr.o(.text) for __aeabi_llsr
    uldiv.o(.text) refers to llshl.o(.text) for __aeabi_llsl
    depilogue.o(.text) refers to llshl.o(.text) for __aeabi_llsl
    depilogue.o(.text) refers to llushr.o(.text) for __aeabi_llsr
    dadd.o(.text) refers to llshl.o(.text) for __aeabi_llsl
    dadd.o(.text) refers to llsshr.o(.text) for __aeabi_lasr
    dadd.o(.text) refers to depilogue.o(.text) for _double_epilogue
    ddiv.o(.text) refers to depilogue.o(.text) for _double_round
    dfixul.o(.text) refers to llushr.o(.text) for __aeabi_llsr
    dfixul.o(.text) refers to llshl.o(.text) for __aeabi_llsl
    init.o(.text) refers to entry5.o(.ARM.Collect$$$$00000004) for __main_after_scatterload


==============================================================================

Removing Unused input sections from the image.

    Removing startup_stm32f10x_hd.o(HEAP), (0 bytes).
    Removing beep.o(.text), (56 bytes).
    Removing tpad.o(.text), (604 bytes).
    Removing tpad.o(.data), (3 bytes).
    Removing oled.o(.text), (1194 bytes).
    Removing oled.o(.bss), (1024 bytes).
    Removing oled.o(.constdata), (2660 bytes).
    Removing dadd.o(.text), (334 bytes).
    Removing ddiv.o(.text), (222 bytes).
    Removing dfixul.o(.text), (48 bytes).
    Removing cdrcmple.o(.text), (48 bytes).

11 unused section(s) (total 6193 bytes) removed from the image.

==============================================================================

Image Symbol Table

    Local Symbols

    Symbol Name                              Value     Ov Type        Size  Object(Section)

    ../clib/../cmprslib/zerorunl2.c          0x00000000   Number         0  __dczerorl2.o ABSOLUTE
    ../clib/microlib/division.c              0x00000000   Number         0  uldiv.o ABSOLUTE
    ../clib/microlib/division.c              0x00000000   Number         0  uidiv.o ABSOLUTE
    ../clib/microlib/init/entry.s            0x00000000   Number         0  entry2.o ABSOLUTE
    ../clib/microlib/init/entry.s            0x00000000   Number         0  entry5.o ABSOLUTE
    ../clib/microlib/init/entry.s            0x00000000   Number         0  entry8b.o ABSOLUTE
    ../clib/microlib/init/entry.s            0x00000000   Number         0  entry11b.o ABSOLUTE
    ../clib/microlib/init/entry.s            0x00000000   Number         0  entry8a.o ABSOLUTE
    ../clib/microlib/init/entry.s            0x00000000   Number         0  entry9a.o ABSOLUTE
    ../clib/microlib/init/entry.s            0x00000000   Number         0  entry7b.o ABSOLUTE
    ../clib/microlib/init/entry.s            0x00000000   Number         0  entry7a.o ABSOLUTE
    ../clib/microlib/init/entry.s            0x00000000   Number         0  entry11a.o ABSOLUTE
    ../clib/microlib/init/entry.s            0x00000000   Number         0  entry9b.o ABSOLUTE
    ../clib/microlib/init/entry.s            0x00000000   Number         0  entry10b.o ABSOLUTE
    ../clib/microlib/init/entry.s            0x00000000   Number         0  entry10a.o ABSOLUTE
    ../clib/microlib/init/entry.s            0x00000000   Number         0  entry.o ABSOLUTE
    ../clib/microlib/longlong.c              0x00000000   Number         0  llsshr.o ABSOLUTE
    ../clib/microlib/longlong.c              0x00000000   Number         0  llushr.o ABSOLUTE
    ../clib/microlib/longlong.c              0x00000000   Number         0  llshl.o ABSOLUTE
    ../clib/microlib/printf/printf.c         0x00000000   Number         0  printf3.o ABSOLUTE
    ../clib/microlib/printf/printf.c         0x00000000   Number         0  printf2.o ABSOLUTE
    ../clib/microlib/printf/printf.c         0x00000000   Number         0  printf4.o ABSOLUTE
    ../clib/microlib/printf/printf.c         0x00000000   Number         0  printf5.o ABSOLUTE
    ../clib/microlib/printf/printf.c         0x00000000   Number         0  printf6.o ABSOLUTE
    ../clib/microlib/printf/printf.c         0x00000000   Number         0  printf7.o ABSOLUTE
    ../clib/microlib/printf/printf.c         0x00000000   Number         0  printf8.o ABSOLUTE
    ../clib/microlib/printf/printf.c         0x00000000   Number         0  printfa.o ABSOLUTE
    ../clib/microlib/printf/printf.c         0x00000000   Number         0  printfb.o ABSOLUTE
    ../clib/microlib/printf/printf.c         0x00000000   Number         0  printf0.o ABSOLUTE
    ../clib/microlib/printf/printf.c         0x00000000   Number         0  printf1.o ABSOLUTE
    ../clib/microlib/printf/stubs.s          0x00000000   Number         0  stubs.o ABSOLUTE
    ../clib/microlib/stubs.s                 0x00000000   Number         0  iusefp.o ABSOLUTE
    ../clib/microlib/stubs.s                 0x00000000   Number         0  useno.o ABSOLUTE
    ../fplib/microlib/d2f.c                  0x00000000   Number         0  d2f.o ABSOLUTE
    ../fplib/microlib/f2d.c                  0x00000000   Number         0  f2d.o ABSOLUTE
    ../fplib/microlib/fpadd.c                0x00000000   Number         0  fadd.o ABSOLUTE
    ../fplib/microlib/fpadd.c                0x00000000   Number         0  dadd.o ABSOLUTE
    ../fplib/microlib/fpdiv.c                0x00000000   Number         0  ddiv.o ABSOLUTE
    ../fplib/microlib/fpdiv.c                0x00000000   Number         0  fdiv.o ABSOLUTE
    ../fplib/microlib/fpepilogue.c           0x00000000   Number         0  depilogue.o ABSOLUTE
    ../fplib/microlib/fpepilogue.c           0x00000000   Number         0  fepilogue.o ABSOLUTE
    ../fplib/microlib/fpfix.c                0x00000000   Number         0  ffixui.o ABSOLUTE
    ../fplib/microlib/fpfix.c                0x00000000   Number         0  dfixul.o ABSOLUTE
    ../fplib/microlib/fpflt.c                0x00000000   Number         0  ffltui.o ABSOLUTE
    ../fplib/microlib/fpmul.c                0x00000000   Number         0  dmul.o ABSOLUTE
    ../fplib/microlib/fpmul.c                0x00000000   Number         0  fmul.o ABSOLUTE
    ..\HARDWARE\ADC\adc.c                    0x00000000   Number         0  adc.o ABSOLUTE
    ..\HARDWARE\BEEP\beep.c                  0x00000000   Number         0  beep.o ABSOLUTE
    ..\HARDWARE\EXTI\exti.c                  0x00000000   Number         0  exti.o ABSOLUTE
    ..\HARDWARE\KEY\key.c                    0x00000000   Number         0  key.o ABSOLUTE
    ..\HARDWARE\LCD\ILI93xx.c                0x00000000   Number         0  ili93xx.o ABSOLUTE
    ..\HARDWARE\LED\led.c                    0x00000000   Number         0  led.o ABSOLUTE
    ..\HARDWARE\OLED\oled.c                  0x00000000   Number         0  oled.o ABSOLUTE
    ..\HARDWARE\RTC\rtc.c                    0x00000000   Number         0  rtc.o ABSOLUTE
    ..\HARDWARE\TIMER\timer.c                0x00000000   Number         0  timer.o ABSOLUTE
    ..\HARDWARE\TPAD\tpad.c                  0x00000000   Number         0  tpad.o ABSOLUTE
    ..\HARDWARE\WDG\wdg.c                    0x00000000   Number         0  wdg.o ABSOLUTE
    ..\HARDWARE\WKUP\wkup.c                  0x00000000   Number         0  wkup.o ABSOLUTE
    ..\SYSTEM\delay\delay.c                  0x00000000   Number         0  delay.o ABSOLUTE
    ..\SYSTEM\sys\sys.c                      0x00000000   Number         0  sys.o ABSOLUTE
    ..\SYSTEM\usart\usart.c                  0x00000000   Number         0  usart.o ABSOLUTE
    ..\USMART\usmart.c                       0x00000000   Number         0  usmart.o ABSOLUTE
    ..\USMART\usmart_config.c                0x00000000   Number         0  usmart_config.o ABSOLUTE
    ..\USMART\usmart_str.c                   0x00000000   Number         0  usmart_str.o ABSOLUTE
    ..\\SYSTEM\\sys\\sys.c                   0x00000000   Number         0  sys.o ABSOLUTE
    cdrcmple.s                               0x00000000   Number         0  cdrcmple.o ABSOLUTE
    dc.s                                     0x00000000   Number         0  dc.o ABSOLUTE
    handlers.s                               0x00000000   Number         0  handlers.o ABSOLUTE
    init.s                                   0x00000000   Number         0  init.o ABSOLUTE
    startup_stm32f10x_hd.s                   0x00000000   Number         0  startup_stm32f10x_hd.o ABSOLUTE
    test.c                                   0x00000000   Number         0  test.o ABSOLUTE
    RESET                                    0x08000000   Section      304  startup_stm32f10x_hd.o(RESET)
    .ARM.Collect$$$$00000000                 0x08000130   Section        0  entry.o(.ARM.Collect$$$$00000000)
    .ARM.Collect$$$$00000001                 0x08000130   Section        4  entry2.o(.ARM.Collect$$$$00000001)
    .ARM.Collect$$$$00000004                 0x08000134   Section        4  entry5.o(.ARM.Collect$$$$00000004)
    .ARM.Collect$$$$00000008                 0x08000138   Section        0  entry7b.o(.ARM.Collect$$$$00000008)
    .ARM.Collect$$$$0000000A                 0x08000138   Section        0  entry8b.o(.ARM.Collect$$$$0000000A)
    .ARM.Collect$$$$0000000B                 0x08000138   Section        8  entry9a.o(.ARM.Collect$$$$0000000B)
    .ARM.Collect$$$$0000000D                 0x08000140   Section        0  entry10a.o(.ARM.Collect$$$$0000000D)
    .ARM.Collect$$$$0000000F                 0x08000140   Section        0  entry11a.o(.ARM.Collect$$$$0000000F)
    .ARM.Collect$$$$00002712                 0x08000140   Section        4  entry2.o(.ARM.Collect$$$$00002712)
    __lit__00000000                          0x08000140   Data           4  entry2.o(.ARM.Collect$$$$00002712)
    .emb_text                                0x08000144   Section       12  sys.o(.emb_text)
    .text                                    0x08000150   Section       48  startup_stm32f10x_hd.o(.text)
    .text                                    0x08000180   Section        0  test.o(.text)
    .text                                    0x08000424   Section        0  delay.o(.text)
    .text                                    0x080004d4   Section        0  sys.o(.text)
    .text                                    0x080007b0   Section        0  usart.o(.text)
    .text                                    0x08000934   Section        0  led.o(.text)
    .text                                    0x080009a4   Section        0  key.o(.text)
    .text                                    0x08000ab0   Section        0  exti.o(.text)
    .text                                    0x08000bb0   Section        0  wdg.o(.text)
    .text                                    0x08000c98   Section        0  timer.o(.text)
    .text                                    0x08000f30   Section        0  ili93xx.o(.text)
    .text                                    0x08003490   Section        0  rtc.o(.text)
    .text                                    0x08003940   Section        0  wkup.o(.text)
    .text                                    0x08003a10   Section        0  adc.o(.text)
    .text                                    0x08003c84   Section        0  usmart.o(.text)
    .text                                    0x08004780   Section        0  usmart_str.o(.text)
    .text                                    0x08004c9c   Section        0  fadd.o(.text)
    .text                                    0x08004d4c   Section        0  fmul.o(.text)
    .text                                    0x08004db0   Section        0  fdiv.o(.text)
    .text                                    0x08004e2c   Section        0  dmul.o(.text)
    .text                                    0x08004f10   Section        0  ffltui.o(.text)
    .text                                    0x08004f1a   Section        0  ffixui.o(.text)
    .text                                    0x08004f42   Section        0  f2d.o(.text)
    .text                                    0x08004f68   Section        0  d2f.o(.text)
    .text                                    0x08004fa0   Section        0  uldiv.o(.text)
    .text                                    0x08005002   Section        0  iusefp.o(.text)
    .text                                    0x08005002   Section        0  fepilogue.o(.text)
    .text                                    0x08005070   Section        0  depilogue.o(.text)
    .text                                    0x0800512c   Section       36  init.o(.text)
    .text                                    0x08005150   Section        0  llshl.o(.text)
    .text                                    0x0800516e   Section        0  llushr.o(.text)
    .text                                    0x0800518e   Section        0  __dczerorl2.o(.text)
    i.__0printf$8                            0x080051e4   Section        0  printf8.o(i.__0printf$8)
    i.__scatterload_copy                     0x08005204   Section       14  handlers.o(i.__scatterload_copy)
    i.__scatterload_null                     0x08005212   Section        2  handlers.o(i.__scatterload_null)
    i.__scatterload_zeroinit                 0x08005214   Section       14  handlers.o(i.__scatterload_zeroinit)
    i._printf_core                           0x08005224   Section        0  printf8.o(i._printf_core)
    _printf_core                             0x08005225   Thumb Code   996  printf8.o(i._printf_core)
    i._printf_post_padding                   0x08005634   Section        0  printf8.o(i._printf_post_padding)
    _printf_post_padding                     0x08005635   Thumb Code    36  printf8.o(i._printf_post_padding)
    i._printf_pre_padding                    0x08005658   Section        0  printf8.o(i._printf_pre_padding)
    _printf_pre_padding                      0x08005659   Thumb Code    46  printf8.o(i._printf_pre_padding)
    .constdata                               0x08005686   Section     2660  ili93xx.o(.constdata)
    .constdata                               0x080060ea   Section       24  rtc.o(.constdata)
    .conststring                             0x08006104   Section       32  usmart.o(.conststring)
    .conststring                             0x08006124   Section      167  usmart_config.o(.conststring)
    .data                                    0x20000000   Section        4  delay.o(.data)
    fac_us                                   0x20000000   Data           1  delay.o(.data)
    fac_ms                                   0x20000002   Data           2  delay.o(.data)
    .data                                    0x20000004   Section        6  usart.o(.data)
    .data                                    0x2000000a   Section        1  key.o(.data)
    key_up                                   0x2000000a   Data           1  key.o(.data)
    .data                                    0x2000000b   Section        1  wdg.o(.data)
    .data                                    0x2000000c   Section        4  timer.o(.data)
    .data                                    0x20000010   Section        4  ili93xx.o(.data)
    .data                                    0x20000014   Section        2  rtc.o(.data)
    daycnt                                   0x20000014   Data           2  rtc.o(.data)
    .data                                    0x20000016   Section        2  adc.o(.data)
    .data                                    0x20000018   Section       24  usmart.o(.data)
    .data                                    0x20000030   Section      276  usmart_config.o(.data)
    .bss                                     0x20000144   Section      200  usart.o(.bss)
    .bss                                     0x2000020c   Section       10  ili93xx.o(.bss)
    .bss                                     0x20000216   Section       10  rtc.o(.bss)
    STACK                                    0x20000220   Section     2048  startup_stm32f10x_hd.o(STACK)

    Global Symbols

    Symbol Name                              Value     Ov Type        Size  Object(Section)

    BuildAttributes$$THM_ISAv4$P$D$K$B$S$PE$A:L22UL41UL21$X:L11$S22US41US21$IEEE1$IW$USESV6$~STKCKD$USESV7$~SHL$OTIME$ROPI$EBA8$MICROLIB$REQ8$PRES8$EABIv2 0x00000000   Number         0  anon$$obj.o ABSOLUTE
    __ARM_use_no_argv                        0x00000000   Number         0  test.o ABSOLUTE
    __use_no_errno                           0x00000000   Number         0  useno.o ABSOLUTE
    __use_no_exception_handling              0x00000000   Number         0  useno.o ABSOLUTE
    __use_no_fp                              0x00000000   Number         0  useno.o ABSOLUTE
    __use_no_heap                            0x00000000   Number         0  useno.o ABSOLUTE
    __use_no_heap_region                     0x00000000   Number         0  useno.o ABSOLUTE
    __use_no_semihosting                     0x00000000   Number         0  useno.o ABSOLUTE
    __use_no_semihosting_swi                 0x00000000   Number         0  useno.o ABSOLUTE
    __use_no_signal_handling                 0x00000000   Number         0  useno.o ABSOLUTE
    _printf_a                                0x00000000   Number         0  stubs.o ABSOLUTE
    _printf_c                                0x00000000   Number         0  stubs.o ABSOLUTE
    _printf_charcount                        0x00000000   Number         0  stubs.o ABSOLUTE
    _printf_d                                0x00000000   Number         0  stubs.o ABSOLUTE
    _printf_e                                0x00000000   Number         0  stubs.o ABSOLUTE
    _printf_f                                0x00000000   Number         0  stubs.o ABSOLUTE
    _printf_flags                            0x00000000   Number         0  stubs.o ABSOLUTE
    _printf_fp_dec                           0x00000000   Number         0  stubs.o ABSOLUTE
    _printf_fp_hex                           0x00000000   Number         0  stubs.o ABSOLUTE
    _printf_g                                0x00000000   Number         0  stubs.o ABSOLUTE
    _printf_i                                0x00000000   Number         0  stubs.o ABSOLUTE
    _printf_int_dec                          0x00000000   Number         0  stubs.o ABSOLUTE
    _printf_l                                0x00000000   Number         0  stubs.o ABSOLUTE
    _printf_lc                               0x00000000   Number         0  stubs.o ABSOLUTE
    _printf_ll                               0x00000000   Number         0  stubs.o ABSOLUTE
    _printf_lld                              0x00000000   Number         0  stubs.o ABSOLUTE
    _printf_lli                              0x00000000   Number         0  stubs.o ABSOLUTE
    _printf_llo                              0x00000000   Number         0  stubs.o ABSOLUTE
    _printf_llu                              0x00000000   Number         0  stubs.o ABSOLUTE
    _printf_llx                              0x00000000   Number         0  stubs.o ABSOLUTE
    _printf_longlong_dec                     0x00000000   Number         0  stubs.o ABSOLUTE
    _printf_longlong_hex                     0x00000000   Number         0  stubs.o ABSOLUTE
    _printf_longlong_oct                     0x00000000   Number         0  stubs.o ABSOLUTE
    _printf_ls                               0x00000000   Number         0  stubs.o ABSOLUTE
    _printf_mbtowc                           0x00000000   Number         0  stubs.o ABSOLUTE
    _printf_n                                0x00000000   Number         0  stubs.o ABSOLUTE
    _printf_o                                0x00000000   Number         0  stubs.o ABSOLUTE
    _printf_p                                0x00000000   Number         0  stubs.o ABSOLUTE
    _printf_percent                          0x00000000   Number         0  stubs.o ABSOLUTE
    _printf_pre_padding                      0x00000000   Number         0  stubs.o ABSOLUTE
    _printf_return_value                     0x00000000   Number         0  stubs.o ABSOLUTE
    _printf_s                                0x00000000   Number         0  stubs.o ABSOLUTE
    _printf_sizespec                         0x00000000   Number         0  stubs.o ABSOLUTE
    _printf_str                              0x00000000   Number         0  stubs.o ABSOLUTE
    _printf_truncate_signed                  0x00000000   Number         0  stubs.o ABSOLUTE
    _printf_truncate_unsigned                0x00000000   Number         0  stubs.o ABSOLUTE
    _printf_u                                0x00000000   Number         0  stubs.o ABSOLUTE
    _printf_wc                               0x00000000   Number         0  stubs.o ABSOLUTE
    _printf_wctomb                           0x00000000   Number         0  stubs.o ABSOLUTE
    _printf_widthprec                        0x00000000   Number         0  stubs.o ABSOLUTE
    _printf_x                                0x00000000   Number         0  stubs.o ABSOLUTE
    __cpp_initialize__aeabi_                  - Undefined Weak Reference
    __cxa_finalize                            - Undefined Weak Reference
    _clock_init                               - Undefined Weak Reference
    _microlib_exit                            - Undefined Weak Reference
    __Vectors_Size                           0x00000130   Number         0  startup_stm32f10x_hd.o ABSOLUTE
    __Vectors                                0x08000000   Data           4  startup_stm32f10x_hd.o(RESET)
    __Vectors_End                            0x08000130   Data           0  startup_stm32f10x_hd.o(RESET)
    __main                                   0x08000131   Thumb Code     0  entry.o(.ARM.Collect$$$$00000000)
    _main_stk                                0x08000131   Thumb Code     0  entry2.o(.ARM.Collect$$$$00000001)
    _main_scatterload                        0x08000135   Thumb Code     0  entry5.o(.ARM.Collect$$$$00000004)
    __main_after_scatterload                 0x08000139   Thumb Code     0  entry5.o(.ARM.Collect$$$$00000004)
    _main_clock                              0x08000139   Thumb Code     0  entry7b.o(.ARM.Collect$$$$00000008)
    _main_cpp_init                           0x08000139   Thumb Code     0  entry8b.o(.ARM.Collect$$$$0000000A)
    _main_init                               0x08000139   Thumb Code     0  entry9a.o(.ARM.Collect$$$$0000000B)
    __rt_final_cpp                           0x08000141   Thumb Code     0  entry10a.o(.ARM.Collect$$$$0000000D)
    __rt_final_exit                          0x08000141   Thumb Code     0  entry11a.o(.ARM.Collect$$$$0000000F)
    WFI_SET                                  0x08000145   Thumb Code     2  sys.o(.emb_text)
    INTX_DISABLE                             0x08000147   Thumb Code     2  sys.o(.emb_text)
    INTX_ENABLE                              0x08000149   Thumb Code     2  sys.o(.emb_text)
    MSR_MSP                                  0x0800014b   Thumb Code     6  sys.o(.emb_text)
    SystemInit_ExtMemCtl                     0x08000151   Thumb Code     2  startup_stm32f10x_hd.o(.text)
    Reset_Handler                            0x08000153   Thumb Code    14  startup_stm32f10x_hd.o(.text)
    NMI_Handler                              0x08000161   Thumb Code     2  startup_stm32f10x_hd.o(.text)
    HardFault_Handler                        0x08000163   Thumb Code     2  startup_stm32f10x_hd.o(.text)
    MemManage_Handler                        0x08000165   Thumb Code     2  startup_stm32f10x_hd.o(.text)
    BusFault_Handler                         0x08000167   Thumb Code     2  startup_stm32f10x_hd.o(.text)
    UsageFault_Handler                       0x08000169   Thumb Code     2  startup_stm32f10x_hd.o(.text)
    SVC_Handler                              0x0800016b   Thumb Code     2  startup_stm32f10x_hd.o(.text)
    DebugMon_Handler                         0x0800016d   Thumb Code     2  startup_stm32f10x_hd.o(.text)
    PendSV_Handler                           0x0800016f   Thumb Code     2  startup_stm32f10x_hd.o(.text)
    SysTick_Handler                          0x08000171   Thumb Code     2  startup_stm32f10x_hd.o(.text)
    ADC1_2_IRQHandler                        0x08000173   Thumb Code     0  startup_stm32f10x_hd.o(.text)
    ADC3_IRQHandler                          0x08000173   Thumb Code     0  startup_stm32f10x_hd.o(.text)
    CAN1_RX1_IRQHandler                      0x08000173   Thumb Code     0  startup_stm32f10x_hd.o(.text)
    CAN1_SCE_IRQHandler                      0x08000173   Thumb Code     0  startup_stm32f10x_hd.o(.text)
    DMA1_Channel1_IRQHandler                 0x08000173   Thumb Code     0  startup_stm32f10x_hd.o(.text)
    DMA1_Channel2_IRQHandler                 0x08000173   Thumb Code     0  startup_stm32f10x_hd.o(.text)
    DMA1_Channel3_IRQHandler                 0x08000173   Thumb Code     0  startup_stm32f10x_hd.o(.text)
    DMA1_Channel4_IRQHandler                 0x08000173   Thumb Code     0  startup_stm32f10x_hd.o(.text)
    DMA1_Channel5_IRQHandler                 0x08000173   Thumb Code     0  startup_stm32f10x_hd.o(.text)
    DMA1_Channel6_IRQHandler                 0x08000173   Thumb Code     0  startup_stm32f10x_hd.o(.text)
    DMA1_Channel7_IRQHandler                 0x08000173   Thumb Code     0  startup_stm32f10x_hd.o(.text)
    DMA2_Channel1_IRQHandler                 0x08000173   Thumb Code     0  startup_stm32f10x_hd.o(.text)
    DMA2_Channel2_IRQHandler                 0x08000173   Thumb Code     0  startup_stm32f10x_hd.o(.text)
    DMA2_Channel3_IRQHandler                 0x08000173   Thumb Code     0  startup_stm32f10x_hd.o(.text)
    DMA2_Channel4_5_IRQHandler               0x08000173   Thumb Code     0  startup_stm32f10x_hd.o(.text)
    EXTI15_10_IRQHandler                     0x08000173   Thumb Code     0  startup_stm32f10x_hd.o(.text)
    EXTI1_IRQHandler                         0x08000173   Thumb Code     0  startup_stm32f10x_hd.o(.text)
    EXTI9_5_IRQHandler                       0x08000173   Thumb Code     0  startup_stm32f10x_hd.o(.text)
    FLASH_IRQHandler                         0x08000173   Thumb Code     0  startup_stm32f10x_hd.o(.text)
    FSMC_IRQHandler                          0x08000173   Thumb Code     0  startup_stm32f10x_hd.o(.text)
    I2C1_ER_IRQHandler                       0x08000173   Thumb Code     0  startup_stm32f10x_hd.o(.text)
    I2C1_EV_IRQHandler                       0x08000173   Thumb Code     0  startup_stm32f10x_hd.o(.text)
    I2C2_ER_IRQHandler                       0x08000173   Thumb Code     0  startup_stm32f10x_hd.o(.text)
    I2C2_EV_IRQHandler                       0x08000173   Thumb Code     0  startup_stm32f10x_hd.o(.text)
    PVD_IRQHandler                           0x08000173   Thumb Code     0  startup_stm32f10x_hd.o(.text)
    RCC_IRQHandler                           0x08000173   Thumb Code     0  startup_stm32f10x_hd.o(.text)
    RTCAlarm_IRQHandler                      0x08000173   Thumb Code     0  startup_stm32f10x_hd.o(.text)
    SDIO_IRQHandler                          0x08000173   Thumb Code     0  startup_stm32f10x_hd.o(.text)
    SPI1_IRQHandler                          0x08000173   Thumb Code     0  startup_stm32f10x_hd.o(.text)
    SPI2_IRQHandler                          0x08000173   Thumb Code     0  startup_stm32f10x_hd.o(.text)
    SPI3_IRQHandler                          0x08000173   Thumb Code     0  startup_stm32f10x_hd.o(.text)
    TAMPER_IRQHandler                        0x08000173   Thumb Code     0  startup_stm32f10x_hd.o(.text)
    TIM1_BRK_IRQHandler                      0x08000173   Thumb Code     0  startup_stm32f10x_hd.o(.text)
    TIM1_CC_IRQHandler                       0x08000173   Thumb Code     0  startup_stm32f10x_hd.o(.text)
    TIM1_TRG_COM_IRQHandler                  0x08000173   Thumb Code     0  startup_stm32f10x_hd.o(.text)
    TIM1_UP_IRQHandler                       0x08000173   Thumb Code     0  startup_stm32f10x_hd.o(.text)
    TIM4_IRQHandler                          0x08000173   Thumb Code     0  startup_stm32f10x_hd.o(.text)
    TIM6_IRQHandler                          0x08000173   Thumb Code     0  startup_stm32f10x_hd.o(.text)
    TIM7_IRQHandler                          0x08000173   Thumb Code     0  startup_stm32f10x_hd.o(.text)
    TIM8_BRK_IRQHandler                      0x08000173   Thumb Code     0  startup_stm32f10x_hd.o(.text)
    TIM8_CC_IRQHandler                       0x08000173   Thumb Code     0  startup_stm32f10x_hd.o(.text)
    TIM8_TRG_COM_IRQHandler                  0x08000173   Thumb Code     0  startup_stm32f10x_hd.o(.text)
    TIM8_UP_IRQHandler                       0x08000173   Thumb Code     0  startup_stm32f10x_hd.o(.text)
    UART4_IRQHandler                         0x08000173   Thumb Code     0  startup_stm32f10x_hd.o(.text)
    UART5_IRQHandler                         0x08000173   Thumb Code     0  startup_stm32f10x_hd.o(.text)
    USART2_IRQHandler                        0x08000173   Thumb Code     0  startup_stm32f10x_hd.o(.text)
    USART3_IRQHandler                        0x08000173   Thumb Code     0  startup_stm32f10x_hd.o(.text)
    USBWakeUp_IRQHandler                     0x08000173   Thumb Code     0  startup_stm32f10x_hd.o(.text)
    USB_HP_CAN1_TX_IRQHandler                0x08000173   Thumb Code     0  startup_stm32f10x_hd.o(.text)
    USB_LP_CAN1_RX0_IRQHandler               0x08000173   Thumb Code     0  startup_stm32f10x_hd.o(.text)
    main                                     0x08000181   Thumb Code   514  test.o(.text)
    delay_init                               0x08000425   Thumb Code    56  delay.o(.text)
    delay_us                                 0x0800045d   Thumb Code    56  delay.o(.text)
    delay_ms                                 0x08000495   Thumb Code    56  delay.o(.text)
    MY_NVIC_SetVectorTable                   0x080004d5   Thumb Code    12  sys.o(.text)
    MY_NVIC_PriorityGroupConfig              0x080004e1   Thumb Code    36  sys.o(.text)
    MY_NVIC_Init                             0x08000505   Thumb Code   144  sys.o(.text)
    Ex_NVIC_Config                           0x08000595   Thumb Code   146  sys.o(.text)
    MYRCC_DeInit                             0x08000627   Thumb Code    90  sys.o(.text)
    Sys_Standby                              0x08000681   Thumb Code    68  sys.o(.text)
    Sys_Soft_Reset                           0x080006c5   Thumb Code    12  sys.o(.text)
    JTAG_Set                                 0x080006d1   Thumb Code    42  sys.o(.text)
    Stm32_Clock_Init                         0x080006fb   Thumb Code   134  sys.o(.text)
    _sys_exit                                0x080007b1   Thumb Code     6  usart.o(.text)
    fputc                                    0x080007b7   Thumb Code    24  usart.o(.text)
    USART1_IRQHandler                        0x080007cf   Thumb Code   118  usart.o(.text)
    uart_init                                0x08000845   Thumb Code   214  usart.o(.text)
    LED_Init                                 0x08000935   Thumb Code   100  led.o(.text)
    KEY_Init                                 0x080009a5   Thumb Code    86  key.o(.text)
    KEY_Scan                                 0x080009fb   Thumb Code   150  key.o(.text)
    EXTI2_IRQHandler                         0x08000ab1   Thumb Code    38  exti.o(.text)
    EXTI3_IRQHandler                         0x08000ad7   Thumb Code    44  exti.o(.text)
    EXTI4_IRQHandler                         0x08000b03   Thumb Code    60  exti.o(.text)
    EXTIX_Init                               0x08000b3f   Thumb Code    96  exti.o(.text)
    IWDG_Init                                0x08000bb1   Thumb Code    28  wdg.o(.text)
    IWDG_Feed                                0x08000bcd   Thumb Code    10  wdg.o(.text)
    WWDG_Init                                0x08000bd7   Thumb Code   124  wdg.o(.text)
    WWDG_Set_Counter                         0x08000c53   Thumb Code    12  wdg.o(.text)
    WWDG_IRQHandler                          0x08000c5f   Thumb Code    36  wdg.o(.text)
    TIM3_IRQHandler                          0x08000c99   Thumb Code    40  timer.o(.text)
    TIM3_Int_Init                            0x08000cc1   Thumb Code    74  timer.o(.text)
    TIM3_PWM_Init                            0x08000d0b   Thumb Code   150  timer.o(.text)
    TIM5_Cap_Init                            0x08000da1   Thumb Code   176  timer.o(.text)
    TIM5_IRQHandler                          0x08000e51   Thumb Code   186  timer.o(.text)
    LCD_WR_REG                               0x08000f31   Thumb Code     6  ili93xx.o(.text)
    LCD_WR_DATA                              0x08000f37   Thumb Code     8  ili93xx.o(.text)
    LCD_RD_DATA                              0x08000f3f   Thumb Code     8  ili93xx.o(.text)
    LCD_WriteReg                             0x08000f47   Thumb Code    10  ili93xx.o(.text)
    LCD_ReadReg                              0x08000f51   Thumb Code    22  ili93xx.o(.text)
    LCD_WriteRAM_Prepare                     0x08000f67   Thumb Code    10  ili93xx.o(.text)
    LCD_WriteRAM                             0x08000f71   Thumb Code     8  ili93xx.o(.text)
    LCD_BGR2RGB                              0x08000f79   Thumb Code    26  ili93xx.o(.text)
    opt_delay                                0x08000f93   Thumb Code    14  ili93xx.o(.text)
    LCD_SetCursor                            0x08000fa1   Thumb Code   172  ili93xx.o(.text)
    LCD_ReadPoint                            0x0800104d   Thumb Code   276  ili93xx.o(.text)
    LCD_DisplayOn                            0x08001161   Thumb Code    46  ili93xx.o(.text)
    LCD_DisplayOff                           0x0800118f   Thumb Code    44  ili93xx.o(.text)
    LCD_Scan_Dir                             0x080011bb   Thumb Code   472  ili93xx.o(.text)
    LCD_DrawPoint                            0x08001393   Thumb Code    28  ili93xx.o(.text)
    LCD_Fast_DrawPoint                       0x080013af   Thumb Code   188  ili93xx.o(.text)
    LCD_Display_Dir                          0x0800146b   Thumb Code   266  ili93xx.o(.text)
    LCD_Clear                                0x08001575   Thumb Code   100  ili93xx.o(.text)
    LCD_Init                                 0x080015d9   Thumb Code  6364  ili93xx.o(.text)
    LCD_Fill                                 0x08002eb5   Thumb Code   178  ili93xx.o(.text)
    LCD_Color_Fill                           0x08002f67   Thumb Code   102  ili93xx.o(.text)
    LCD_DrawLine                             0x08002fcd   Thumb Code   176  ili93xx.o(.text)
    LCD_DrawRectangle                        0x0800307d   Thumb Code    60  ili93xx.o(.text)
    Draw_Circle                              0x080030b9   Thumb Code   152  ili93xx.o(.text)
    LCD_ShowChar                             0x08003151   Thumb Code   340  ili93xx.o(.text)
    LCD_Pow                                  0x080032a5   Thumb Code    22  ili93xx.o(.text)
    LCD_ShowNum                              0x080032bb   Thumb Code   148  ili93xx.o(.text)
    LCD_ShowxNum                             0x0800334f   Thumb Code   218  ili93xx.o(.text)
    LCD_ShowString                           0x08003429   Thumb Code   102  ili93xx.o(.text)
    RTC_Get_Week                             0x08003491   Thumb Code   116  rtc.o(.text)
    Is_Leap_Year                             0x08003505   Thumb Code    58  rtc.o(.text)
    RTC_Get                                  0x0800353f   Thumb Code   246  rtc.o(.text)
    RTC_Set                                  0x08003635   Thumb Code   256  rtc.o(.text)
    RTC_Init                                 0x08003735   Thumb Code   380  rtc.o(.text)
    RTC_IRQHandler                           0x080038b1   Thumb Code    82  rtc.o(.text)
    Sys_Enter_Standby                        0x08003941   Thumb Code    20  wkup.o(.text)
    Check_WKUP                               0x08003955   Thumb Code    68  wkup.o(.text)
    EXTI0_IRQHandler                         0x08003999   Thumb Code    20  wkup.o(.text)
    WKUP_Init                                0x080039ad   Thumb Code    80  wkup.o(.text)
    Adc_Init                                 0x08003a11   Thumb Code   356  adc.o(.text)
    Get_Adc                                  0x08003b75   Thumb Code    68  adc.o(.text)
    Get_Adc_Average                          0x08003bb9   Thumb Code    46  adc.o(.text)
    MYDMA_Config                             0x08003be7   Thumb Code   112  adc.o(.text)
    MYDMA_Enable                             0x08003c57   Thumb Code    24  adc.o(.text)
    usmart_sys_cmd_exe                       0x08003c85   Thumb Code  1570  usmart.o(.text)
    TIM2_IRQHandler                          0x080042a7   Thumb Code    38  usmart.o(.text)
    Timer2_Init                              0x080042cd   Thumb Code    68  usmart.o(.text)
    usmart_init                              0x08004311   Thumb Code    36  usmart.o(.text)
    usmart_cmd_rec                           0x08004335   Thumb Code   170  usmart.o(.text)
    usmart_exe                               0x080043df   Thumb Code   712  usmart.o(.text)
    usmart_scan                              0x080046a7   Thumb Code   120  usmart.o(.text)
    read_addr                                0x0800471f   Thumb Code     6  usmart.o(.text)
    write_addr                               0x08004725   Thumb Code     4  usmart.o(.text)
    usmart_strcmp                            0x08004781   Thumb Code    34  usmart_str.o(.text)
    usmart_strcopy                           0x080047a3   Thumb Code    22  usmart_str.o(.text)
    usmart_strlen                            0x080047b9   Thumb Code    24  usmart_str.o(.text)
    usmart_pow                               0x080047d1   Thumb Code    22  usmart_str.o(.text)
    usmart_str2num                           0x080047e7   Thumb Code   202  usmart_str.o(.text)
    usmart_get_cmdname                       0x080048b1   Thumb Code    54  usmart_str.o(.text)
    usmart_search_nextc                      0x080048e7   Thumb Code    22  usmart_str.o(.text)
    usmart_get_fname                         0x080048fd   Thumb Code   440  usmart_str.o(.text)
    usmart_get_aparm                         0x08004ab5   Thumb Code   188  usmart_str.o(.text)
    usmart_get_parmpos                       0x08004b71   Thumb Code    26  usmart_str.o(.text)
    usmart_get_fparam                        0x08004b8b   Thumb Code   262  usmart_str.o(.text)
    __aeabi_fadd                             0x08004c9d   Thumb Code   164  fadd.o(.text)
    __aeabi_fsub                             0x08004d41   Thumb Code     6  fadd.o(.text)
    __aeabi_frsub                            0x08004d47   Thumb Code     6  fadd.o(.text)
    __aeabi_fmul                             0x08004d4d   Thumb Code   100  fmul.o(.text)
    __aeabi_fdiv                             0x08004db1   Thumb Code   124  fdiv.o(.text)
    __aeabi_dmul                             0x08004e2d   Thumb Code   228  dmul.o(.text)
    __aeabi_ui2f                             0x08004f11   Thumb Code    10  ffltui.o(.text)
    __aeabi_f2uiz                            0x08004f1b   Thumb Code    40  ffixui.o(.text)
    __aeabi_f2d                              0x08004f43   Thumb Code    38  f2d.o(.text)
    __aeabi_d2f                              0x08004f69   Thumb Code    56  d2f.o(.text)
    __aeabi_uldivmod                         0x08004fa1   Thumb Code    98  uldiv.o(.text)
    __I$use$fp                               0x08005003   Thumb Code     0  iusefp.o(.text)
    _float_round                             0x08005003   Thumb Code    18  fepilogue.o(.text)
    _float_epilogue                          0x08005015   Thumb Code    92  fepilogue.o(.text)
    _double_round                            0x08005071   Thumb Code    30  depilogue.o(.text)
    _double_epilogue                         0x0800508f   Thumb Code   156  depilogue.o(.text)
    __scatterload                            0x0800512d   Thumb Code    28  init.o(.text)
    __scatterload_rt2                        0x0800512d   Thumb Code     0  init.o(.text)
    __aeabi_llsl                             0x08005151   Thumb Code    30  llshl.o(.text)
    _ll_shift_l                              0x08005151   Thumb Code     0  llshl.o(.text)
    __aeabi_llsr                             0x0800516f   Thumb Code    32  llushr.o(.text)
    _ll_ushift_r                             0x0800516f   Thumb Code     0  llushr.o(.text)
    __decompress                             0x0800518f   Thumb Code     0  __dczerorl2.o(.text)
    __decompress1                            0x0800518f   Thumb Code    86  __dczerorl2.o(.text)
    __0printf$8                              0x080051e5   Thumb Code    22  printf8.o(i.__0printf$8)
    __1printf$8                              0x080051e5   Thumb Code     0  printf8.o(i.__0printf$8)
    __2printf                                0x080051e5   Thumb Code     0  printf8.o(i.__0printf$8)
    __scatterload_copy                       0x08005205   Thumb Code    14  handlers.o(i.__scatterload_copy)
    __scatterload_null                       0x08005213   Thumb Code     2  handlers.o(i.__scatterload_null)
    __scatterload_zeroinit                   0x08005215   Thumb Code    14  handlers.o(i.__scatterload_zeroinit)
    asc2_1206                                0x08005686   Data        1140  ili93xx.o(.constdata)
    asc2_1608                                0x08005afa   Data        1520  ili93xx.o(.constdata)
    table_week                               0x080060ea   Data          12  rtc.o(.constdata)
    mon_table                                0x080060f6   Data          12  rtc.o(.constdata)
    Region$$Table$$Base                      0x080061cc   Number         0  anon$$obj.o(Region$$Table)
    Region$$Table$$Limit                     0x080061ec   Number         0  anon$$obj.o(Region$$Table)
    __stdout                                 0x20000004   Data           4  usart.o(.data)
    USART_RX_STA                             0x20000008   Data           2  usart.o(.data)
    WWDG_CNT                                 0x2000000b   Data           1  wdg.o(.data)
    TIM5CH1_CAPTURE_STA                      0x2000000c   Data           1  timer.o(.data)
    TIM5CH1_CAPTURE_VAL                      0x2000000e   Data           2  timer.o(.data)
    POINT_COLOR                              0x20000010   Data           2  ili93xx.o(.data)
    BACK_COLOR                               0x20000012   Data           2  ili93xx.o(.data)
    DMA1_MEM_LEN                             0x20000016   Data           2  adc.o(.data)
    sys_cmd_tab                              0x20000018   Data          24  usmart.o(.data)
    usmart_nametab                           0x20000030   Data          40  usmart_config.o(.data)
    usmart_dev                               0x20000058   Data         236  usmart_config.o(.data)
    USART_RX_BUF                             0x20000144   Data         200  usart.o(.bss)
    lcddev                                   0x2000020c   Data          10  ili93xx.o(.bss)
    calendar                                 0x20000216   Data          10  rtc.o(.bss)
    __initial_sp                             0x20000a20   Data           0  startup_stm32f10x_hd.o(STACK)



==============================================================================

Memory Map of the image

  Image Entry point : 0x08000131

  Load Region LR_IROM1 (Base: 0x08000000, Size: 0x00006330, Max: 0x00080000, ABSOLUTE, COMPRESSED[0x0000623c])

    Execution Region ER_IROM1 (Base: 0x08000000, Size: 0x000061ec, Max: 0x00080000, ABSOLUTE)

    Base Addr    Size         Type   Attr      Idx    E Section Name        Object

    0x08000000   0x00000130   Data   RO            3    RESET               startup_stm32f10x_hd.o
    0x08000130   0x00000000   Code   RO          416  * .ARM.Collect$$$$00000000  mc_w.l(entry.o)
    0x08000130   0x00000004   Code   RO          696    .ARM.Collect$$$$00000001  mc_w.l(entry2.o)
    0x08000134   0x00000004   Code   RO          699    .ARM.Collect$$$$00000004  mc_w.l(entry5.o)
    0x08000138   0x00000000   Code   RO          701    .ARM.Collect$$$$00000008  mc_w.l(entry7b.o)
    0x08000138   0x00000000   Code   RO          703    .ARM.Collect$$$$0000000A  mc_w.l(entry8b.o)
    0x08000138   0x00000008   Code   RO          704    .ARM.Collect$$$$0000000B  mc_w.l(entry9a.o)
    0x08000140   0x00000000   Code   RO          706    .ARM.Collect$$$$0000000D  mc_w.l(entry10a.o)
    0x08000140   0x00000000   Code   RO          708    .ARM.Collect$$$$0000000F  mc_w.l(entry11a.o)
    0x08000140   0x00000004   Code   RO          697    .ARM.Collect$$$$00002712  mc_w.l(entry2.o)
    0x08000144   0x0000000c   Code   RO          115    .emb_text           sys.o
    0x08000150   0x00000030   Code   RO            4    .text               startup_stm32f10x_hd.o
    0x08000180   0x000002a4   Code   RO           10    .text               test.o
    0x08000424   0x000000b0   Code   RO          101    .text               delay.o
    0x080004d4   0x000002dc   Code   RO          116    .text               sys.o
    0x080007b0   0x00000184   Code   RO          131    .text               usart.o
    0x08000934   0x00000070   Code   RO          154    .text               led.o
    0x080009a4   0x0000010c   Code   RO          178    .text               key.o
    0x08000ab0   0x00000100   Code   RO          191    .text               exti.o
    0x08000bb0   0x000000e8   Code   RO          203    .text               wdg.o
    0x08000c98   0x00000298   Code   RO          218    .text               timer.o
    0x08000f30   0x0000255e   Code   RO          273    .text               ili93xx.o
    0x0800348e   0x00000002   PAD
    0x08003490   0x000004b0   Code   RO          300    .text               rtc.o
    0x08003940   0x000000d0   Code   RO          320    .text               wkup.o
    0x08003a10   0x00000274   Code   RO          332    .text               adc.o
    0x08003c84   0x00000afc   Code   RO          347    .text               usmart.o
    0x08004780   0x0000051c   Code   RO          404    .text               usmart_str.o
    0x08004c9c   0x000000b0   Code   RO          680    .text               mf_w.l(fadd.o)
    0x08004d4c   0x00000064   Code   RO          682    .text               mf_w.l(fmul.o)
    0x08004db0   0x0000007c   Code   RO          684    .text               mf_w.l(fdiv.o)
    0x08004e2c   0x000000e4   Code   RO          686    .text               mf_w.l(dmul.o)
    0x08004f10   0x0000000a   Code   RO          688    .text               mf_w.l(ffltui.o)
    0x08004f1a   0x00000028   Code   RO          690    .text               mf_w.l(ffixui.o)
    0x08004f42   0x00000026   Code   RO          692    .text               mf_w.l(f2d.o)
    0x08004f68   0x00000038   Code   RO          694    .text               mf_w.l(d2f.o)
    0x08004fa0   0x00000062   Code   RO          712    .text               mc_w.l(uldiv.o)
    0x08005002   0x00000000   Code   RO          714    .text               mc_w.l(iusefp.o)
    0x08005002   0x0000006e   Code   RO          715    .text               mf_w.l(fepilogue.o)
    0x08005070   0x000000ba   Code   RO          717    .text               mf_w.l(depilogue.o)
    0x0800512a   0x00000002   PAD
    0x0800512c   0x00000024   Code   RO          727    .text               mc_w.l(init.o)
    0x08005150   0x0000001e   Code   RO          729    .text               mc_w.l(llshl.o)
    0x0800516e   0x00000020   Code   RO          731    .text               mc_w.l(llushr.o)
    0x0800518e   0x00000056   Code   RO          743    .text               mc_w.l(__dczerorl2.o)
    0x080051e4   0x00000020   Code   RO          626    i.__0printf$8       mc_w.l(printf8.o)
    0x08005204   0x0000000e   Code   RO          737    i.__scatterload_copy  mc_w.l(handlers.o)
    0x08005212   0x00000002   Code   RO          738    i.__scatterload_null  mc_w.l(handlers.o)
    0x08005214   0x0000000e   Code   RO          739    i.__scatterload_zeroinit  mc_w.l(handlers.o)
    0x08005222   0x00000002   PAD
    0x08005224   0x00000410   Code   RO          633    i._printf_core      mc_w.l(printf8.o)
    0x08005634   0x00000024   Code   RO          634    i._printf_post_padding  mc_w.l(printf8.o)
    0x08005658   0x0000002e   Code   RO          635    i._printf_pre_padding  mc_w.l(printf8.o)
    0x08005686   0x00000a64   Data   RO          275    .constdata          ili93xx.o
    0x080060ea   0x00000018   Data   RO          302    .constdata          rtc.o
    0x08006102   0x00000002   PAD
    0x08006104   0x00000020   Data   RO          348    .conststring        usmart.o
    0x08006124   0x000000a7   Data   RO          383    .conststring        usmart_config.o
    0x080061cb   0x00000001   PAD
    0x080061cc   0x00000020   Data   RO          735    Region$$Table       anon$$obj.o


    Execution Region RW_IRAM1 (Base: 0x20000000, Size: 0x00000a20, Max: 0x00010000, ABSOLUTE, COMPRESSED[0x00000050])

    Base Addr    Size         Type   Attr      Idx    E Section Name        Object

    0x20000000   0x00000004   Data   RW          102    .data               delay.o
    0x20000004   0x00000006   Data   RW          133    .data               usart.o
    0x2000000a   0x00000001   Data   RW          179    .data               key.o
    0x2000000b   0x00000001   Data   RW          204    .data               wdg.o
    0x2000000c   0x00000004   Data   RW          219    .data               timer.o
    0x20000010   0x00000004   Data   RW          276    .data               ili93xx.o
    0x20000014   0x00000002   Data   RW          303    .data               rtc.o
    0x20000016   0x00000002   Data   RW          333    .data               adc.o
    0x20000018   0x00000018   Data   RW          349    .data               usmart.o
    0x20000030   0x00000114   Data   RW          384    .data               usmart_config.o
    0x20000144   0x000000c8   Zero   RW          132    .bss                usart.o
    0x2000020c   0x0000000a   Zero   RW          274    .bss                ili93xx.o
    0x20000216   0x0000000a   Zero   RW          301    .bss                rtc.o
    0x20000220   0x00000800   Zero   RW            1    STACK               startup_stm32f10x_hd.o


==============================================================================

Image component sizes


      Code (inc. data)   RO Data    RW Data    ZI Data      Debug   Object Name

       628         22          0          2          0       1984   adc.o
       176          8          0          4          0        947   delay.o
       256         18          0          0          0        864   exti.o
      9566        146       2660          4         10      15928   ili93xx.o
       268         32          0          1          0        784   key.o
       112         12          0          0          0        403   led.o
      1200         62         24          2         10       3416   rtc.o
        48         12        304          0       2048        816   startup_stm32f10x_hd.o
       744         48          0          0          0       2739   sys.o
       676        162          0          0          0      16847   test.o
       664         38          0          4          0       1690   timer.o
       388         26          0          6        200       3026   usart.o
      2812       1160         32         24          0       4062   usmart.o
         0          0        167        276          0       1468   usmart_config.o
      1308         12          0          0          0       4957   usmart_str.o
       232         22          0          1          0       1360   wdg.o
       208         20          0          0          0        954   wkup.o

    ----------------------------------------------------------------------
     19288       1800       3222        324       2268      62245   Object Totals
         0          0         32          0          0          0   (incl. Generated)
         2          0          3          0          0          0   (incl. Padding)

    ----------------------------------------------------------------------

      Code (inc. data)   RO Data    RW Data    ZI Data      Debug   Library Member Name

        86          0          0          0          0          0   __dczerorl2.o
         0          0          0          0          0          0   entry.o
         0          0          0          0          0          0   entry10a.o
         0          0          0          0          0          0   entry11a.o
         8          4          0          0          0          0   entry2.o
         4          0          0          0          0          0   entry5.o
         0          0          0          0          0          0   entry7b.o
         0          0          0          0          0          0   entry8b.o
         8          4          0          0          0          0   entry9a.o
        30          0          0          0          0          0   handlers.o
        36          8          0          0          0         68   init.o
         0          0          0          0          0          0   iusefp.o
        30          0          0          0          0         68   llshl.o
        32          0          0          0          0         68   llushr.o
      1154         54          0          0          0        352   printf8.o
        98          0          0          0          0         92   uldiv.o
        56          0          0          0          0         88   d2f.o
       186          0          0          0          0        176   depilogue.o
       228          0          0          0          0         96   dmul.o
        38          0          0          0          0         68   f2d.o
       176          0          0          0          0        140   fadd.o
       124          0          0          0          0         88   fdiv.o
       110          0          0          0          0        168   fepilogue.o
        40          0          0          0          0         68   ffixui.o
        10          0          0          0          0         68   ffltui.o
       100          0          0          0          0         76   fmul.o

    ----------------------------------------------------------------------
      2558         70          0          0          0       1684   Library Totals
         4          0          0          0          0          0   (incl. Padding)

    ----------------------------------------------------------------------

      Code (inc. data)   RO Data    RW Data    ZI Data      Debug   Library Name

      1486         70          0          0          0        648   mc_w.l
      1068          0          0          0          0       1036   mf_w.l

    ----------------------------------------------------------------------
      2558         70          0          0          0       1684   Library Totals

    ----------------------------------------------------------------------

==============================================================================


      Code (inc. data)   RO Data    RW Data    ZI Data      Debug   

     21846       1870       3222        324       2268      61821   Grand Totals
     21846       1870       3222         80       2268      61821   ELF Image Totals (compressed)
     21846       1870       3222         80          0          0   ROM Totals

==============================================================================

    Total RO  Size (Code + RO Data)                25068 (  24.48kB)
    Total RW  Size (RW Data + ZI Data)              2592 (   2.53kB)
    Total ROM Size (Code + RO Data + RW Data)      25148 (  24.56kB)

==============================================================================

